                                                                 
  ╭───────────╮╭───────╮╭────────────╮╭─────────╮╭────────────╮  
  │ Lip Gloss ││ Blush ││ Eye Shadow ││ Mascara ││ Foundation │  
  │           └┴───────┴┴────────────┴┴─────────┴┴────────────┤  
  │                                                           │  
  │                                                           │  
  │                       Lip Gloss Tab                       │  
  │                                                           │  
  │                                                           │  
  └───────────────────────────────────────────────────────────┘  
                                                                 