                                                                              
     Groceries                                                                
                                                                              
    24 items                                                                  
                                                                              
  │ Tamarind                                                                  
  │ Oh my                                                                     
                                                                              
    Radish                                                                    
    Bold flavor                                                               
                                                                              
    Yeast                                                                     
    At last                                                                   
                                                                              
    Granulated Sugar                                                          
    Too ripe                                                                  
                                                                              
    Powdered Sugar                                                            
    Fresh                                                                     
                                                                              
    •••••                                                                     
                                                                              
    ↑/k up • ↓/j down • enter choose • x delete • / filter • q quit • ? more  
                                                                              